<?xml version="1.0" encoding="utf-8"?>
<?AutomationStudio Version="4.12.2.93"?>
<Objects>
  <Object
    Path="C:\repos\local\FactoryIO_Storage\Logical\Package.pkg"
    LogicalPath=""
    Type="Package.ParentUnknown"
    LastWriteTime="133466854848946388" />
  <Object
    Path="C:\repos\local\FactoryIO_Storage\Logical\Global.typ"
    LogicalPath="Global.typ"
    Type="File"
    LastWriteTime="133466179932787649"
    Private="false" />
  <Object
    Path="C:\repos\local\FactoryIO_Storage\Logical\Global.var"
    LogicalPath="Global.var"
    Type="File"
    LastWriteTime="133466871681817172"
    Private="false" />
  <Object
    Path="C:\repos\local\FactoryIO_Storage\Logical\Libraries\Package.pkg"
    LogicalPath="Libraries"
    Type="Package"
    LastWriteTime="133466845174063388" />
  <Object
    Path="C:\repos\local\FactoryIO_Storage\Logical\Libraries\operator\binary.lby"
    LogicalPath="Libraries.operator"
    Type="Library"
    LastWriteTime="133466179959291255" />
  <Object
    Path="C:\repos\local\FactoryIO_Storage\Logical\Libraries\operator\operator.fun"
    LogicalPath="Libraries.operator.operator.fun"
    Type="File"
    LastWriteTime="133466179959251359"
    Private="false" />
  <Object
    Path="C:\repos\local\FactoryIO_Storage\Logical\Libraries\operator\operator.typ"
    LogicalPath="Libraries.operator.operator.typ"
    Type="File"
    LastWriteTime="133466179959281282"
    Private="false" />
  <Object
    Path="C:\repos\local\FactoryIO_Storage\Logical\Libraries\operator\operator.var"
    LogicalPath="Libraries.operator.operator.var"
    Type="File"
    LastWriteTime="133466179959291255"
    Private="false" />
  <Object
    Path="C:\repos\local\FactoryIO_Storage\Logical\Libraries\runtime\binary.lby"
    LogicalPath="Libraries.runtime"
    Type="Library"
    LastWriteTime="133466179962265166" />
  <Object
    Path="C:\repos\local\FactoryIO_Storage\Logical\Libraries\runtime\runtime.fun"
    LogicalPath="Libraries.runtime.runtime.fun"
    Type="File"
    LastWriteTime="133466179962225274"
    Private="false" />
  <Object
    Path="C:\repos\local\FactoryIO_Storage\Logical\Libraries\runtime\runtime.typ"
    LogicalPath="Libraries.runtime.runtime.typ"
    Type="File"
    LastWriteTime="133466179962245221"
    Private="false" />
  <Object
    Path="C:\repos\local\FactoryIO_Storage\Logical\Libraries\runtime\runtime.var"
    LogicalPath="Libraries.runtime.runtime.var"
    Type="File"
    LastWriteTime="133466179962255193"
    Private="false" />
  <Object
    Path="C:\repos\local\FactoryIO_Storage\Logical\Libraries\astime\binary.lby"
    LogicalPath="Libraries.astime"
    Type="Library"
    LastWriteTime="133466179965345581" />
  <Object
    Path="C:\repos\local\FactoryIO_Storage\Logical\Libraries\astime\astime.fun"
    LogicalPath="Libraries.astime.astime.fun"
    Type="File"
    LastWriteTime="133466179965315691"
    Private="false" />
  <Object
    Path="C:\repos\local\FactoryIO_Storage\Logical\Libraries\astime\astime.typ"
    LogicalPath="Libraries.astime.astime.typ"
    Type="File"
    LastWriteTime="133466179965325635"
    Private="false" />
  <Object
    Path="C:\repos\local\FactoryIO_Storage\Logical\Libraries\astime\astime.var"
    LogicalPath="Libraries.astime.astime.var"
    Type="File"
    LastWriteTime="133466179965345581"
    Private="false" />
  <Object
    Path="C:\repos\local\FactoryIO_Storage\Logical\Libraries\AsIecCon\binary.lby"
    LogicalPath="Libraries.AsIecCon"
    Type="Library"
    LastWriteTime="133466179968402262" />
  <Object
    Path="C:\repos\local\FactoryIO_Storage\Logical\Libraries\AsIecCon\AsIecCon.fun"
    LogicalPath="Libraries.AsIecCon.AsIecCon.fun"
    Type="File"
    LastWriteTime="133466179968372346"
    Private="false" />
  <Object
    Path="C:\repos\local\FactoryIO_Storage\Logical\Libraries\AsIecCon\AsIecCon.typ"
    LogicalPath="Libraries.AsIecCon.AsIecCon.typ"
    Type="File"
    LastWriteTime="133466179968382312"
    Private="false" />
  <Object
    Path="C:\repos\local\FactoryIO_Storage\Logical\Libraries\AsIecCon\AsIecCon.var"
    LogicalPath="Libraries.AsIecCon.AsIecCon.var"
    Type="File"
    LastWriteTime="133466179968392294"
    Private="false" />
  <Object
    Path="C:\repos\local\FactoryIO_Storage\Logical\Libraries\Library\IEC.lby"
    LogicalPath="Libraries.Library"
    Type="Library"
    LastWriteTime="133467170057349176" />
  <Object
    Path="C:\repos\local\FactoryIO_Storage\Logical\Libraries\Library\Modules.typ"
    LogicalPath="Libraries.Library.Modules.typ"
    Type="File"
    LastWriteTime="133467036971887186"
    Private="false" />
  <Object
    Path="C:\repos\local\FactoryIO_Storage\Logical\Libraries\Library\Constants.var"
    LogicalPath="Libraries.Library.Constants.var"
    Type="File"
    LastWriteTime="133466845173913784"
    Private="false" />
  <Object
    Path="C:\repos\local\FactoryIO_Storage\Logical\Libraries\Library\Library.fun"
    LogicalPath="Libraries.Library.Library.fun"
    Type="File"
    LastWriteTime="133467169676947344"
    Private="false" />
  <Object
    Path="C:\repos\local\FactoryIO_Storage\Logical\Libraries\Library\OPC.typ"
    LogicalPath="Libraries.Library.OPC.typ"
    Type="File"
    LastWriteTime="133466922798669765"
    Private="false" />
  <Object
    Path="C:\repos\local\FactoryIO_Storage\Logical\Libraries\Library\Global.typ"
    LogicalPath="Libraries.Library.Global.typ"
    Type="File"
    LastWriteTime="133467020548956348"
    Private="false" />
  <Object
    Path="C:\repos\local\FactoryIO_Storage\Logical\Libraries\Library\States.typ"
    LogicalPath="Libraries.Library.States.typ"
    Type="File"
    LastWriteTime="133466953260973077"
    Private="false" />
  <Object
    Path="C:\repos\local\FactoryIO_Storage\Logical\Libraries\Library\SubState.typ"
    LogicalPath="Libraries.Library.SubState.typ"
    Type="File"
    LastWriteTime="133467020551065664"
    Private="false" />
  <Object
    Path="C:\repos\local\FactoryIO_Storage\Logical\Libraries\Library\DataTypes.typ"
    LogicalPath="Libraries.Library.DataTypes.typ"
    Type="File"
    LastWriteTime="133467169680972115"
    Private="false" />
  <Object
    Path="C:\repos\local\FactoryIO_Storage\Logical\mappView\Package.pkg"
    LogicalPath="mappView"
    Type="Package"
    LastWriteTime="133466234418607388" />
  <Object
    Path="C:\repos\local\FactoryIO_Storage\Logical\mappView\Layouts\Package.pkg"
    LogicalPath="mappView.Layouts"
    Type="Package"
    LastWriteTime="133466252831371291" />
  <Object
    Path="C:\repos\local\FactoryIO_Storage\Logical\mappView\Layouts\Landscape16_9.layout"
    LogicalPath="mappView.Layouts.Landscape16_9.layout"
    Type="File"
    LastWriteTime="133466254224719087"
    Private="false" />
  <Object
    Path="C:\repos\local\FactoryIO_Storage\Logical\mappView\Layouts\LocalizableTexts.tmx"
    LogicalPath="mappView.Layouts.LocalizableTexts.tmx"
    Type="File"
    LastWriteTime="133466252831361315"
    Private="false" />
  <Object
    Path="C:\repos\local\FactoryIO_Storage\Logical\mappView\Widgets\Package.pkg"
    LogicalPath="mappView.Widgets"
    Type="Package"
    LastWriteTime="133466252211235709" />
  <Object
    Path="C:\repos\local\FactoryIO_Storage\Logical\mappView\Widgets\WidgetLib\Package.pkg"
    LogicalPath="mappView.Widgets.WidgetLib"
    Type="Package"
    LastWriteTime="133466252211235709" />
  <Object
    Path="C:\repos\local\FactoryIO_Storage\Logical\mappView\Widgets\WidgetLib\Description.widgetlibrary"
    LogicalPath="mappView.Widgets.WidgetLib.Description.widgetlibrary"
    Type="File"
    LastWriteTime="133466252211165888"
    Private="false" />
  <Object
    Path="C:\repos\local\FactoryIO_Storage\Logical\mappView\Widgets\WidgetLib\Resources\Package.pkg"
    LogicalPath="mappView.Widgets.WidgetLib.Resources"
    Type="Package"
    LastWriteTime="133466252211225721" />
  <Object
    Path="C:\repos\local\FactoryIO_Storage\Logical\mappView\Widgets\WidgetLib\Resources\Texts\Package.pkg"
    LogicalPath="mappView.Widgets.WidgetLib.Resources.Texts"
    Type="Package"
    LastWriteTime="133466252211205779" />
  <Object
    Path="C:\repos\local\FactoryIO_Storage\Logical\mappView\Widgets\WidgetLib\Resources\Media\Package.pkg"
    LogicalPath="mappView.Widgets.WidgetLib.Resources.Media"
    Type="Package"
    LastWriteTime="133466252211225721" />
  <Object
    Path="C:\repos\local\FactoryIO_Storage\Logical\mappView\Resources\Package.pkg"
    LogicalPath="mappView.Resources"
    Type="Package"
    LastWriteTime="133466234418607388" />
  <Object
    Path="C:\repos\local\FactoryIO_Storage\Logical\mappView\Resources\Texts\Package.pkg"
    LogicalPath="mappView.Resources.Texts"
    Type="Package"
    LastWriteTime="133466234418527616" />
  <Object
    Path="C:\repos\local\FactoryIO_Storage\Logical\mappView\Resources\Snippets\Package.pkg"
    LogicalPath="mappView.Resources.Snippets"
    Type="Package"
    LastWriteTime="133466234418547557" />
  <Object
    Path="C:\repos\local\FactoryIO_Storage\Logical\mappView\Resources\Themes\Package.pkg"
    LogicalPath="mappView.Resources.Themes"
    Type="Package"
    LastWriteTime="133466234418577465" />
  <Object
    Path="C:\repos\local\FactoryIO_Storage\Logical\mappView\Resources\Media\Package.pkg"
    LogicalPath="mappView.Resources.Media"
    Type="Package"
    LastWriteTime="133466252506823850" />
  <Object
    Path="C:\repos\local\FactoryIO_Storage\Logical\mappView\Resources\Media\SymbolLibSkyline\Package.pkg"
    LogicalPath="mappView.Resources.Media.SymbolLibSkyline"
    Type="Package"
    LastWriteTime="133466252506823850" />
  <Object
    Path="C:\repos\local\FactoryIO_Storage\Logical\mappView\Resources\Media\SymbolLibSkyline\Notification\Package.pkg"
    LogicalPath="mappView.Resources.Media.SymbolLibSkyline.Notification"
    Type="Package"
    LastWriteTime="133466252506664274" />
  <Object
    Path="C:\repos\local\FactoryIO_Storage\Logical\mappView\Resources\Media\SymbolLibSkyline\Notification\Notification_Alarm.svg"
    LogicalPath="mappView.Resources.Media.SymbolLibSkyline.Notification.Notification_Alarm.svg"
    Type="File"
    LastWriteTime="133466252506604436"
    Private="false" />
  <Object
    Path="C:\repos\local\FactoryIO_Storage\Logical\mappView\Resources\Media\SymbolLibSkyline\Notification\Notification_Maintainance.svg"
    LogicalPath="mappView.Resources.Media.SymbolLibSkyline.Notification.Notification_Maintainance.svg"
    Type="File"
    LastWriteTime="133466252506624380"
    Private="false" />
  <Object
    Path="C:\repos\local\FactoryIO_Storage\Logical\mappView\Resources\Media\SymbolLibSkyline\Notification\Notification_Warning.svg"
    LogicalPath="mappView.Resources.Media.SymbolLibSkyline.Notification.Notification_Warning.svg"
    Type="File"
    LastWriteTime="133466252506634355"
    Private="false" />
  <Object
    Path="C:\repos\local\FactoryIO_Storage\Logical\mappView\Resources\Media\SymbolLibSkyline\Notification\Notification_Information.svg"
    LogicalPath="mappView.Resources.Media.SymbolLibSkyline.Notification.Notification_Information.svg"
    Type="File"
    LastWriteTime="133466252506644330"
    Private="false" />
  <Object
    Path="C:\repos\local\FactoryIO_Storage\Logical\mappView\Resources\Media\SymbolLibSkyline\Notification\Notification_Service.svg"
    LogicalPath="mappView.Resources.Media.SymbolLibSkyline.Notification.Notification_Service.svg"
    Type="File"
    LastWriteTime="133466252506654308"
    Private="false" />
  <Object
    Path="C:\repos\local\FactoryIO_Storage\Logical\mappView\Resources\Media\SymbolLibSkyline\Options\Package.pkg"
    LogicalPath="mappView.Resources.Media.SymbolLibSkyline.Options"
    Type="Package"
    LastWriteTime="133466252506704166" />
  <Object
    Path="C:\repos\local\FactoryIO_Storage\Logical\mappView\Resources\Media\SymbolLibSkyline\Options\Option_Cooling.svg"
    LogicalPath="mappView.Resources.Media.SymbolLibSkyline.Options.Option_Cooling.svg"
    Type="File"
    LastWriteTime="133466252506694194"
    Private="false" />
  <Object
    Path="C:\repos\local\FactoryIO_Storage\Logical\mappView\Resources\Media\SymbolLibSkyline\Options\Option_Heating.svg"
    LogicalPath="mappView.Resources.Media.SymbolLibSkyline.Options.Option_Heating.svg"
    Type="File"
    LastWriteTime="133466252506704166"
    Private="false" />
  <Object
    Path="C:\repos\local\FactoryIO_Storage\Logical\mappView\Resources\Media\SymbolLibSkyline\Units\Package.pkg"
    LogicalPath="mappView.Resources.Media.SymbolLibSkyline.Units"
    Type="Package"
    LastWriteTime="133466252506813873" />
  <Object
    Path="C:\repos\local\FactoryIO_Storage\Logical\mappView\Resources\Media\SymbolLibSkyline\Units\Group.svg"
    LogicalPath="mappView.Resources.Media.SymbolLibSkyline.Units.Group.svg"
    Type="File"
    LastWriteTime="133466252506734085"
    Private="false" />
  <Object
    Path="C:\repos\local\FactoryIO_Storage\Logical\mappView\Resources\Media\SymbolLibSkyline\Units\PointerImage.svg"
    LogicalPath="mappView.Resources.Media.SymbolLibSkyline.Units.PointerImage.svg"
    Type="File"
    LastWriteTime="133466252506744062"
    Private="false" />
  <Object
    Path="C:\repos\local\FactoryIO_Storage\Logical\mappView\Resources\Media\SymbolLibSkyline\Units\Unit_A.svg"
    LogicalPath="mappView.Resources.Media.SymbolLibSkyline.Units.Unit_A.svg"
    Type="File"
    LastWriteTime="133466252506764007"
    Private="false" />
  <Object
    Path="C:\repos\local\FactoryIO_Storage\Logical\mappView\Resources\Media\SymbolLibSkyline\Units\Unit_B.svg"
    LogicalPath="mappView.Resources.Media.SymbolLibSkyline.Units.Unit_B.svg"
    Type="File"
    LastWriteTime="133466252506773977"
    Private="false" />
  <Object
    Path="C:\repos\local\FactoryIO_Storage\Logical\mappView\Resources\Media\SymbolLibSkyline\Units\Unit_C.svg"
    LogicalPath="mappView.Resources.Media.SymbolLibSkyline.Units.Unit_C.svg"
    Type="File"
    LastWriteTime="133466252506783954"
    Private="false" />
  <Object
    Path="C:\repos\local\FactoryIO_Storage\Logical\mappView\Resources\Media\SymbolLibSkyline\Units\Unit_End.svg"
    LogicalPath="mappView.Resources.Media.SymbolLibSkyline.Units.Unit_End.svg"
    Type="File"
    LastWriteTime="133466252506793931"
    Private="false" />
  <Object
    Path="C:\repos\local\FactoryIO_Storage\Logical\mappView\Resources\Media\SymbolLibSkyline\Units\Unit_Start.svg"
    LogicalPath="mappView.Resources.Media.SymbolLibSkyline.Units.Unit_Start.svg"
    Type="File"
    LastWriteTime="133466252506813873"
    Private="false" />
  <Object
    Path="C:\repos\local\FactoryIO_Storage\Logical\OpcTag.opct"
    LogicalPath="OpcTag.opct"
    Type="File"
    LastWriteTime="133466874122112074"
    Private="false" />
  <Object
    Path="C:\repos\local\FactoryIO_Storage\Logical\OpcProperties.opcp"
    LogicalPath="OpcProperties.opcp"
    Type="File"
    LastWriteTime="133466271945637718"
    Private="false" />
  <Object
    Path="C:\repos\local\FactoryIO_Storage\Logical\OpcAlarm.opca"
    LogicalPath="OpcAlarm.opca"
    Type="File"
    LastWriteTime="133466841290085571"
    Private="false" />
  <Object
    Path="C:\repos\local\FactoryIO_Storage\Logical\_1000_SCTRL\IEC.prg"
    LogicalPath="_1000_SCTRL"
    Type="Program"
    LastWriteTime="133466943455146182" />
  <Object
    Path="C:\repos\local\FactoryIO_Storage\Logical\_1000_SCTRL\Variables.var"
    LogicalPath="_1000_SCTRL.Variables.var"
    Type="File"
    LastWriteTime="133466869537892568"
    Private="true" />
  <Object
    Path="C:\repos\local\FactoryIO_Storage\Logical\_1000_SCTRL\Types.typ"
    LogicalPath="_1000_SCTRL.Types.typ"
    Type="File"
    LastWriteTime="133466943455146182"
    Private="true" />
  <Object
    Path="C:\repos\local\FactoryIO_Storage\Logical\_1000_SCTRL\Init.st"
    LogicalPath="_1000_SCTRL.Init.st"
    Type="File"
    LastWriteTime="133466841244202142"
    Private="false" />
  <Object
    Path="C:\repos\local\FactoryIO_Storage\Logical\_1000_SCTRL\Exit.st"
    LogicalPath="_1000_SCTRL.Exit.st"
    Type="File"
    LastWriteTime="133466841244212117"
    Private="false" />
  <Object
    Path="C:\repos\local\FactoryIO_Storage\Logical\_1000_SCTRL\_0000_States.st"
    LogicalPath="_1000_SCTRL._0000_States.st"
    Type="File"
    LastWriteTime="133467025069085659"
    Private="false" />
  <Object
    Path="C:\repos\local\FactoryIO_Storage\Logical\_1100_CSYS\IEC.prg"
    LogicalPath="_1100_CSYS"
    Type="Program"
    LastWriteTime="133466869500246869" />
  <Object
    Path="C:\repos\local\FactoryIO_Storage\Logical\_1100_CSYS\Variables.var"
    LogicalPath="_1100_CSYS.Variables.var"
    Type="File"
    LastWriteTime="133466869500236895"
    Private="true" />
  <Object
    Path="C:\repos\local\FactoryIO_Storage\Logical\_1100_CSYS\_0000_States.st"
    LogicalPath="_1100_CSYS._0000_States.st"
    Type="File"
    LastWriteTime="133466851670589591"
    Private="false" />
  <Object
    Path="C:\repos\local\FactoryIO_Storage\Logical\_1100_CSYS\Init.st"
    LogicalPath="_1100_CSYS.Init.st"
    Type="File"
    LastWriteTime="133466840636153010"
    Private="false" />
  <Object
    Path="C:\repos\local\FactoryIO_Storage\Logical\_1100_CSYS\Exit.st"
    LogicalPath="_1100_CSYS.Exit.st"
    Type="File"
    LastWriteTime="133466840636172952"
    Private="false" />
  <Object
    Path="C:\repos\local\FactoryIO_Storage\Logical\_1100_CSYS\Types.typ"
    LogicalPath="_1100_CSYS.Types.typ"
    Type="File"
    LastWriteTime="133466840636182925"
    Private="true" />
  <Object
    Path="C:\repos\local\FactoryIO_Storage\Logical\_1200_CS1\IEC.prg"
    LogicalPath="_1200_CS1"
    Type="Program"
    LastWriteTime="133467036342102463" />
  <Object
    Path="C:\repos\local\FactoryIO_Storage\Logical\_1200_CS1\Variables.var"
    LogicalPath="_1200_CS1.Variables.var"
    Type="File"
    LastWriteTime="133467071886134587"
    Private="true" />
  <Object
    Path="C:\repos\local\FactoryIO_Storage\Logical\_1200_CS1\Types.typ"
    LogicalPath="_1200_CS1.Types.typ"
    Type="File"
    LastWriteTime="133467071298835462"
    Private="true" />
  <Object
    Path="C:\repos\local\FactoryIO_Storage\Logical\_1200_CS1\Init.st"
    LogicalPath="_1200_CS1.Init.st"
    Type="File"
    LastWriteTime="133466854848856630"
    Private="false" />
  <Object
    Path="C:\repos\local\FactoryIO_Storage\Logical\_1200_CS1\Exit.st"
    LogicalPath="_1200_CS1.Exit.st"
    Type="File"
    LastWriteTime="133466854848866607"
    Private="false" />
  <Object
    Path="C:\repos\local\FactoryIO_Storage\Logical\_1200_CS1\_0100_Controller.st"
    LogicalPath="_1200_CS1._0100_Controller.st"
    Type="File"
    LastWriteTime="133467071296052908"
    Private="false" />
  <Object
    Path="C:\repos\local\FactoryIO_Storage\Logical\_1300_CS2\IEC.prg"
    LogicalPath="_1300_CS2"
    Type="Program"
    LastWriteTime="133466853051620606" />
  <Object
    Path="C:\repos\local\FactoryIO_Storage\Logical\_1300_CS2\Init.st"
    LogicalPath="_1300_CS2.Init.st"
    Type="File"
    LastWriteTime="133466853051560772"
    Private="false" />
  <Object
    Path="C:\repos\local\FactoryIO_Storage\Logical\_1300_CS2\Exit.st"
    LogicalPath="_1300_CS2.Exit.st"
    Type="File"
    LastWriteTime="133466853051570746"
    Private="false" />
  <Object
    Path="C:\repos\local\FactoryIO_Storage\Logical\_1300_CS2\Types.typ"
    LogicalPath="_1300_CS2.Types.typ"
    Type="File"
    LastWriteTime="133466853051590681"
    Private="true" />
  <Object
    Path="C:\repos\local\FactoryIO_Storage\Logical\_1300_CS2\Variables.var"
    LogicalPath="_1300_CS2.Variables.var"
    Type="File"
    LastWriteTime="133466853051600657"
    Private="true" />
  <Object
    Path="C:\repos\local\FactoryIO_Storage\Logical\_1300_CS2\_0000_States.st"
    LogicalPath="_1300_CS2._0000_States.st"
    Type="File"
    LastWriteTime="133466853051610638"
    Private="false" />
  <Object
    Path="C:\repos\local\FactoryIO_Storage\Logical\_1400_SRS\IEC.prg"
    LogicalPath="_1400_SRS"
    Type="Program"
    LastWriteTime="133466852424976510" />
  <Object
    Path="C:\repos\local\FactoryIO_Storage\Logical\_1400_SRS\Init.st"
    LogicalPath="_1400_SRS.Init.st"
    Type="File"
    LastWriteTime="133466837542869436"
    Private="false" />
  <Object
    Path="C:\repos\local\FactoryIO_Storage\Logical\_1400_SRS\Exit.st"
    LogicalPath="_1400_SRS.Exit.st"
    Type="File"
    LastWriteTime="133466837542879410"
    Private="false" />
  <Object
    Path="C:\repos\local\FactoryIO_Storage\Logical\_1400_SRS\Types.typ"
    LogicalPath="_1400_SRS.Types.typ"
    Type="File"
    LastWriteTime="133466837542899355"
    Private="true" />
  <Object
    Path="C:\repos\local\FactoryIO_Storage\Logical\_1400_SRS\Variables.var"
    LogicalPath="_1400_SRS.Variables.var"
    Type="File"
    LastWriteTime="133466837542919301"
    Private="true" />
  <Object
    Path="C:\repos\local\FactoryIO_Storage\Logical\_1400_SRS\_0000_States.st"
    LogicalPath="_1400_SRS._0000_States.st"
    Type="File"
    LastWriteTime="133466852136631274"
    Private="false" />
  <Object
    Path="C:\repos\local\FactoryIO_Storage\Logical\_1500_PPS\IEC.prg"
    LogicalPath="_1500_PPS"
    Type="Program"
    LastWriteTime="133467049213392429" />
  <Object
    Path="C:\repos\local\FactoryIO_Storage\Logical\_1500_PPS\Variables.var"
    LogicalPath="_1500_PPS.Variables.var"
    Type="File"
    LastWriteTime="133467189052090318"
    Private="true" />
  <Object
    Path="C:\repos\local\FactoryIO_Storage\Logical\_1500_PPS\Init.st"
    LogicalPath="_1500_PPS.Init.st"
    Type="File"
    LastWriteTime="133467169668270995"
    Private="false" />
  <Object
    Path="C:\repos\local\FactoryIO_Storage\Logical\_1500_PPS\Exit.st"
    LogicalPath="_1500_PPS.Exit.st"
    Type="File"
    LastWriteTime="133466837679999843"
    Private="false" />
  <Object
    Path="C:\repos\local\FactoryIO_Storage\Logical\_1500_PPS\Types.typ"
    LogicalPath="_1500_PPS.Types.typ"
    Type="File"
    LastWriteTime="133466837680019788"
    Private="true" />
  <Object
    Path="C:\repos\local\FactoryIO_Storage\Logical\_1500_PPS\_0100_Controller.st"
    LogicalPath="_1500_PPS._0100_Controller.st"
    Type="File"
    LastWriteTime="133467192531404165"
    Private="false" />
  <Object
    Path="C:\repos\local\FactoryIO_Storage\Logical\_1600_SSYS\IEC.prg"
    LogicalPath="_1600_SSYS"
    Type="Program"
    LastWriteTime="133466852408770590" />
  <Object
    Path="C:\repos\local\FactoryIO_Storage\Logical\_1600_SSYS\Init.st"
    LogicalPath="_1600_SSYS.Init.st"
    Type="File"
    LastWriteTime="133466837686193654"
    Private="false" />
  <Object
    Path="C:\repos\local\FactoryIO_Storage\Logical\_1600_SSYS\Exit.st"
    LogicalPath="_1600_SSYS.Exit.st"
    Type="File"
    LastWriteTime="133466837686203628"
    Private="false" />
  <Object
    Path="C:\repos\local\FactoryIO_Storage\Logical\_1600_SSYS\Types.typ"
    LogicalPath="_1600_SSYS.Types.typ"
    Type="File"
    LastWriteTime="133466837686223581"
    Private="true" />
  <Object
    Path="C:\repos\local\FactoryIO_Storage\Logical\_1600_SSYS\Variables.var"
    LogicalPath="_1600_SSYS.Variables.var"
    Type="File"
    LastWriteTime="133466837686299446"
    Private="true" />
  <Object
    Path="C:\repos\local\FactoryIO_Storage\Logical\_1600_SSYS\_0000_States.st"
    LogicalPath="_1600_SSYS._0000_States.st"
    Type="File"
    LastWriteTime="133466852038944131"
    Private="false" />
  <Object
    Path="C:\repos\local\FactoryIO_Storage\Logical\_1700_HMI\IEC.prg"
    LogicalPath="_1700_HMI"
    Type="Program"
    LastWriteTime="133466852399756894" />
  <Object
    Path="C:\repos\local\FactoryIO_Storage\Logical\_1700_HMI\Init.st"
    LogicalPath="_1700_HMI.Init.st"
    Type="File"
    LastWriteTime="133466837693989150"
    Private="false" />
  <Object
    Path="C:\repos\local\FactoryIO_Storage\Logical\_1700_HMI\Exit.st"
    LogicalPath="_1700_HMI.Exit.st"
    Type="File"
    LastWriteTime="133466837694009101"
    Private="false" />
  <Object
    Path="C:\repos\local\FactoryIO_Storage\Logical\_1700_HMI\Types.typ"
    LogicalPath="_1700_HMI.Types.typ"
    Type="File"
    LastWriteTime="133466837694019072"
    Private="true" />
  <Object
    Path="C:\repos\local\FactoryIO_Storage\Logical\_1700_HMI\Variables.var"
    LogicalPath="_1700_HMI.Variables.var"
    Type="File"
    LastWriteTime="133466837694034129"
    Private="true" />
  <Object
    Path="C:\repos\local\FactoryIO_Storage\Logical\_1700_HMI\_0000_States.st"
    LogicalPath="_1700_HMI._0000_States.st"
    Type="File"
    LastWriteTime="133466852032043836"
    Private="false" />
  <Object
    Path="C:\repos\local\FactoryIO_Storage\Physical\Config1\Config.pkg"
    LogicalPath="Config1"
    Type="Configuration.ParentUnknown"
    LastWriteTime="133466180025023998" />
  <Object
    Path="C:\repos\local\FactoryIO_Storage\Physical\Config1\Hardware.hw"
    LogicalPath="Config1.Hardware.hw"
    Type="File"
    LastWriteTime="133466823916570691"
    Private="false" />
  <Object
    Path="C:\repos\local\FactoryIO_Storage\Physical\Config1\Hardware.hwl"
    LogicalPath="Config1.Hardware.hwl"
    Type="File"
    LastWriteTime="133466183515337028"
    Private="false" />
  <Object
    Path="C:\repos\local\FactoryIO_Storage\Physical\Config1\PC\Cpu.pkg"
    LogicalPath="Config1.PC"
    Type="Cpu"
    LastWriteTime="133467101010418194" />
  <Object
    Path="C:\repos\local\FactoryIO_Storage\Physical\Config1\PC\Cpu.sw"
    LogicalPath="Config1.PC.Cpu.sw"
    Type="File"
    LastWriteTime="133467024660838927"
    Private="false" />
  <Object
    Path="C:\repos\local\FactoryIO_Storage\Physical\Config1\PC\Cpu.per"
    LogicalPath="Config1.PC.Cpu.per"
    Type="File"
    LastWriteTime="133466179973090523"
    Private="false" />
  <Object
    Path="C:\repos\local\FactoryIO_Storage\Physical\Config1\PC\IoMap.iom"
    LogicalPath="Config1.PC.IoMap.iom"
    Type="File"
    LastWriteTime="133466179973108500"
    Private="false" />
  <Object
    Path="C:\repos\local\FactoryIO_Storage\Physical\Config1\PC\PvMap.vvm"
    LogicalPath="Config1.PC.PvMap.vvm"
    Type="File"
    LastWriteTime="133466179973236948"
    Private="false" />
  <Object
    Path="C:\repos\local\FactoryIO_Storage\Physical\Config1\PC\Connectivity\Package.pkg"
    LogicalPath="Config1.PC.Connectivity"
    Type="Package"
    LastWriteTime="133466821225621906" />
  <Object
    Path="C:\repos\local\FactoryIO_Storage\Physical\Config1\PC\Connectivity\OpcUA\Package.pkg"
    LogicalPath="Config1.PC.Connectivity.OpcUA"
    Type="Package"
    LastWriteTime="133466821635263207" />
  <Object
    Path="C:\repos\local\FactoryIO_Storage\Physical\Config1\PC\Connectivity\OpcUA\OpcUaMap.uad"
    LogicalPath="Config1.PC.Connectivity.OpcUA.OpcUaMap.uad"
    Type="File"
    LastWriteTime="133466884182260930"
    Private="false" />
  <Object
    Path="C:\repos\local\FactoryIO_Storage\Physical\Config1\PC\Connectivity\OpcUA\OpcUa.uanodeset"
    LogicalPath="Config1.PC.Connectivity.OpcUA.OpcUa.uanodeset"
    Type="File"
    LastWriteTime="133466821531180193"
    Private="false" />
  <Object
    Path="C:\repos\local\FactoryIO_Storage\Physical\Config1\PC\TextSystem\Package.pkg"
    LogicalPath="Config1.PC.TextSystem"
    Type="Package"
    LastWriteTime="133466179973591114" />
  <Object
    Path="C:\repos\local\FactoryIO_Storage\Physical\Config1\PC\UnitSystem\Package.pkg"
    LogicalPath="Config1.PC.UnitSystem"
    Type="Package"
    LastWriteTime="133466179973621037" />
  <Object
    Path="C:\repos\local\FactoryIO_Storage\Physical\Config1\PC\AccessAndSecurity\Package.pkg"
    LogicalPath="Config1.PC.AccessAndSecurity"
    Type="Package"
    LastWriteTime="133466179973930209" />
  <Object
    Path="C:\repos\local\FactoryIO_Storage\Physical\Config1\PC\AccessAndSecurity\UserRoleSystem\Package.pkg"
    LogicalPath="Config1.PC.AccessAndSecurity.UserRoleSystem"
    Type="Package"
    LastWriteTime="133466179973710791" />
  <Object
    Path="C:\repos\local\FactoryIO_Storage\Physical\Config1\PC\AccessAndSecurity\UserRoleSystem\Role.role"
    LogicalPath="Config1.PC.AccessAndSecurity.UserRoleSystem.Role.role"
    Type="File"
    LastWriteTime="133466179973690852"
    Private="false" />
  <Object
    Path="C:\repos\local\FactoryIO_Storage\Physical\Config1\PC\AccessAndSecurity\UserRoleSystem\User.user"
    LogicalPath="Config1.PC.AccessAndSecurity.UserRoleSystem.User.user"
    Type="File"
    LastWriteTime="133466823917471004"
    Private="false" />
  <Object
    Path="C:\repos\local\FactoryIO_Storage\Physical\Config1\PC\AccessAndSecurity\CertificateStore\Package.pkg"
    LogicalPath="Config1.PC.AccessAndSecurity.CertificateStore"
    Type="Package"
    LastWriteTime="133466179973870362" />
  <Object
    Path="C:\repos\local\FactoryIO_Storage\Physical\Config1\PC\AccessAndSecurity\CertificateStore\OwnCertificates\Package.pkg"
    LogicalPath="Config1.PC.AccessAndSecurity.CertificateStore.OwnCertificates"
    Type="Package"
    LastWriteTime="133466179973790584" />
  <Object
    Path="C:\repos\local\FactoryIO_Storage\Physical\Config1\PC\AccessAndSecurity\CertificateStore\OwnCertificates\Certificates\Package.pkg"
    LogicalPath="Config1.PC.AccessAndSecurity.CertificateStore.OwnCertificates.Certificates"
    Type="Package"
    LastWriteTime="133466179973760658" />
  <Object
    Path="C:\repos\local\FactoryIO_Storage\Physical\Config1\PC\AccessAndSecurity\CertificateStore\OwnCertificates\PrivateKeys\Package.pkg"
    LogicalPath="Config1.PC.AccessAndSecurity.CertificateStore.OwnCertificates.PrivateKeys"
    Type="Package"
    LastWriteTime="133466179973780610" />
  <Object
    Path="C:\repos\local\FactoryIO_Storage\Physical\Config1\PC\AccessAndSecurity\CertificateStore\ThirdPartyCertificates\Package.pkg"
    LogicalPath="Config1.PC.AccessAndSecurity.CertificateStore.ThirdPartyCertificates"
    Type="Package"
    LastWriteTime="133466179973830473" />
  <Object
    Path="C:\repos\local\FactoryIO_Storage\Physical\Config1\PC\AccessAndSecurity\CertificateStore\ThirdPartyCertificates\SoftwareCertificates\Package.pkg"
    LogicalPath="Config1.PC.AccessAndSecurity.CertificateStore.ThirdPartyCertificates.SoftwareCertificates"
    Type="Package"
    LastWriteTime="133466179973820500" />
  <Object
    Path="C:\repos\local\FactoryIO_Storage\Physical\Config1\PC\AccessAndSecurity\CertificateStore\CertificateRevocationLists\Package.pkg"
    LogicalPath="Config1.PC.AccessAndSecurity.CertificateStore.CertificateRevocationLists"
    Type="Package"
    LastWriteTime="133466179973850422" />
  <Object
    Path="C:\repos\local\FactoryIO_Storage\Physical\Config1\PC\AccessAndSecurity\CertificateStore\CertificateSigningRequests\Package.pkg"
    LogicalPath="Config1.PC.AccessAndSecurity.CertificateStore.CertificateSigningRequests"
    Type="Package"
    LastWriteTime="133466179973870362" />
  <Object
    Path="C:\repos\local\FactoryIO_Storage\Physical\Config1\PC\AccessAndSecurity\TransportLayerSecurity\Package.pkg"
    LogicalPath="Config1.PC.AccessAndSecurity.TransportLayerSecurity"
    Type="Package"
    LastWriteTime="133466179973890312" />
  <Object
    Path="C:\repos\local\FactoryIO_Storage\Physical\Config1\PC\AccessAndSecurity\Firewall\Package.pkg"
    LogicalPath="Config1.PC.AccessAndSecurity.Firewall"
    Type="Package"
    LastWriteTime="133466179973930209" />
  <Object
    Path="C:\repos\local\FactoryIO_Storage\Physical\Config1\PC\AccessAndSecurity\Firewall\Rules.firewallRules"
    LogicalPath="Config1.PC.AccessAndSecurity.Firewall.Rules.firewallRules"
    Type="File"
    LastWriteTime="133466179973920230"
    Private="false" />
  <Object
    Path="C:\repos\local\FactoryIO_Storage\Physical\Config1\PC\mappControl\Package.pkg"
    LogicalPath="Config1.PC.mappControl"
    Type="Package"
    LastWriteTime="133466179974029946" />
  <Object
    Path="C:\repos\local\FactoryIO_Storage\Physical\Config1\PC\mappMotion\Package.pkg"
    LogicalPath="Config1.PC.mappMotion"
    Type="Package"
    LastWriteTime="133466179974199486" />
  <Object
    Path="C:\repos\local\FactoryIO_Storage\Physical\Config1\PC\mappServices\Package.pkg"
    LogicalPath="Config1.PC.mappServices"
    Type="Package"
    LastWriteTime="133466179974229406" />
  <Object
    Path="C:\repos\local\FactoryIO_Storage\Physical\Config1\PC\mappSafety\Package.pkg"
    LogicalPath="Config1.PC.mappSafety"
    Type="Package"
    LastWriteTime="133466179974299227" />
  <Object
    Path="C:\repos\local\FactoryIO_Storage\Physical\Config1\PC\mappSafety\SafeApplication\Package.pkg"
    LogicalPath="Config1.PC.mappSafety.SafeApplication"
    Type="Package"
    LastWriteTime="133466179974269303" />
  <Object
    Path="C:\repos\local\FactoryIO_Storage\Physical\Config1\PC\mappSafety\SafeCommissioning\Package.pkg"
    LogicalPath="Config1.PC.mappSafety.SafeCommissioning"
    Type="Package"
    LastWriteTime="133466179974289252" />
  <Object
    Path="C:\repos\local\FactoryIO_Storage\Physical\Config1\PC\mappView\Package.pkg"
    LogicalPath="Config1.PC.mappView"
    Type="Package"
    LastWriteTime="133466179974329139" />
  <Object
    Path="C:\repos\local\FactoryIO_Storage\Physical\Config1\PC\mappVision\Package.pkg"
    LogicalPath="Config1.PC.mappVision"
    Type="Package"
    LastWriteTime="133466179974349090" />
  <Object
    Path="C:\repos\local\FactoryIO_Storage\Physical\Config1\PC\mappCockpit\Package.pkg"
    LogicalPath="Config1.PC.mappCockpit"
    Type="Package"
    LastWriteTime="133466179974379008" />
  <Object
    Path="C:\repos\local\FactoryIO_Storage\Physical\Config1\Hardware.jpg"
    LogicalPath="Config1.Hardware.jpg"
    Type="File"
    LastWriteTime="133466183515891650"
    Private="false" />
</Objects>