c:\repos\local\FactoryIO_Storage\Logical\Global.typ
c:\repos\local\FactoryIO_Storage\Logical\Global.var
c:\repos\local\FactoryIO_Storage\Logical\Libraries\operator\operator.fun
c:\repos\local\FactoryIO_Storage\Logical\Libraries\operator\operator.typ
c:\repos\local\FactoryIO_Storage\Logical\Libraries\operator\operator.var
c:\repos\local\FactoryIO_Storage\Logical\Libraries\runtime\runtime.fun
c:\repos\local\FactoryIO_Storage\Logical\Libraries\runtime\runtime.typ
c:\repos\local\FactoryIO_Storage\Logical\Libraries\runtime\runtime.var
c:\repos\local\FactoryIO_Storage\Logical\Libraries\astime\astime.fun
c:\repos\local\FactoryIO_Storage\Logical\Libraries\astime\astime.typ
c:\repos\local\FactoryIO_Storage\Logical\Libraries\astime\astime.var
c:\repos\local\FactoryIO_Storage\Logical\Libraries\AsIecCon\AsIecCon.fun
c:\repos\local\FactoryIO_Storage\Logical\Libraries\AsIecCon\AsIecCon.typ
c:\repos\local\FactoryIO_Storage\Logical\Libraries\AsIecCon\AsIecCon.var
c:\repos\local\FactoryIO_Storage\Logical\Libraries\Library\Global_Module.typ
c:\repos\local\FactoryIO_Storage\Logical\Libraries\Library\Constants.var
c:\repos\local\FactoryIO_Storage\Logical\Libraries\Library\Library.fun
c:\repos\local\FactoryIO_Storage\Logical\Libraries\Library\OPC.typ
c:\repos\local\FactoryIO_Storage\Logical\Libraries\Library\Global.typ
c:\repos\local\FactoryIO_Storage\Logical\Libraries\Library\States.typ
c:\repos\local\FactoryIO_Storage\Logical\Libraries\Library\Sequence.typ
c:\repos\local\FactoryIO_Storage\Logical\Libraries\Library\DataTypes.typ
c:\repos\local\FactoryIO_Storage\Logical\Libraries\Library\StorageUdts.typ
