C:\repos\local\FactoryIO_Storage\Logical\Global.typ
C:\repos\local\FactoryIO_Storage\Logical\Global.var
C:\repos\local\FactoryIO_Storage\Logical\Libraries\operator\operator.fun
C:\repos\local\FactoryIO_Storage\Logical\Libraries\operator\operator.typ
C:\repos\local\FactoryIO_Storage\Logical\Libraries\operator\operator.var
C:\repos\local\FactoryIO_Storage\Logical\Libraries\runtime\runtime.fun
C:\repos\local\FactoryIO_Storage\Logical\Libraries\runtime\runtime.typ
C:\repos\local\FactoryIO_Storage\Logical\Libraries\runtime\runtime.var
C:\repos\local\FactoryIO_Storage\Logical\Libraries\astime\astime.fun
C:\repos\local\FactoryIO_Storage\Logical\Libraries\astime\astime.typ
C:\repos\local\FactoryIO_Storage\Logical\Libraries\astime\astime.var
C:\repos\local\FactoryIO_Storage\Logical\Libraries\AsIecCon\AsIecCon.fun
C:\repos\local\FactoryIO_Storage\Logical\Libraries\AsIecCon\AsIecCon.typ
C:\repos\local\FactoryIO_Storage\Logical\Libraries\AsIecCon\AsIecCon.var
C:\repos\local\FactoryIO_Storage\Logical\Libraries\Library\Modules.typ
C:\repos\local\FactoryIO_Storage\Logical\Libraries\Library\Constants.var
C:\repos\local\FactoryIO_Storage\Logical\Libraries\Library\Library.fun
C:\repos\local\FactoryIO_Storage\Logical\Libraries\Library\Global.typ
C:\repos\local\FactoryIO_Storage\Logical\Libraries\Library\OPC.typ
